// Vitest Snapshot v1, https://vitest.dev/guide/snapshot.html

exports[`parses string literals 1`] = `
{
  "body": [
    {
      "expression": {
        "location": {
          "end": {
            "column": 11,
            "line": 1,
            "offset": 10,
          },
          "source": "",
          "start": {
            "column": 1,
            "line": 1,
            "offset": 0,
          },
        },
        "type": "Literal",
        "value": "Foo"Bar",
      },
      "location": {
        "end": {
          "column": 11,
          "line": 1,
          "offset": 10,
        },
        "source": "",
        "start": {
          "column": 1,
          "line": 1,
          "offset": 0,
        },
      },
      "type": "ExpressionStatement",
    },
  ],
  "type": "Program",
}
`;
